
> lastmile-nyc@1.0.0 start
> next start

   ▲ Next.js 15.1.6
   - Local:        http://localhost:4001
   - Network:      http://192.168.0.100:4001

 ✓ Starting...
 ✓ Ready in 200ms

> lastmile-nyc@1.0.0 start
> next start

   ▲ Next.js 15.1.6
   - Local:        http://localhost:4001
   - Network:      http://192.168.0.100:4001

 ✓ Starting...
 ✓ Ready in 182ms

> lastmile-nyc@1.0.0 start
> next start

   ▲ Next.js 15.1.6
   - Local:        http://localhost:4001
   - Network:      http://192.168.0.100:4001

 ✓ Starting...
 ✓ Ready in 171ms

> lastmile-nyc@1.0.0 start
> next start

   ▲ Next.js 15.1.6
   - Local:        http://localhost:4001
   - Network:      http://192.168.0.100:4001

 ✓ Starting...
 ✓ Ready in 173ms
